[debug] [2026-10-01T02:18:26.526Z] ----------------------------------------------------------------------
[debug] [2026-10-01T02:18:26.528Z] Command:       C:\Program Files\nodejs\node.exe C:\Users\pluser1\AppData\Roaming\npm\node_modules\firebase-tools\lib\bin\firebase.js deploy --only hosting
[debug] [2026-10-01T02:18:26.528Z] CLI Version:   15.30.1
[debug] [2026-10-01T02:18:26.528Z] Platform:      win32
[debug] [2026-10-01T02:18:26.528Z] Node Version:  v22.23.2
[debug] [2026-10-01T02:18:26.528Z] Detected Agent: unknown
[debug] [2026-10-01T02:18:26.529Z] Time:          Thu Oct 01 2026 11:18:26 GMT+0900 (日本標準時)
[debug] [2026-10-01T02:18:26.529Z] ----------------------------------------------------------------------
[debug] 
[debug] [2026-10-01T02:18:28.191Z] > command requires scopes: ["email","openid","https://www.googleapis.com/auth/cloudplatformprojects.readonly","https://www.googleapis.com/auth/firebase","https://www.googleapis.com/auth/cloud-platform"]
[debug] [2026-10-01T02:18:28.192Z] > authorizing via signed-in user (jeonghyeon.lee@pathoslogos.co.jp)
[debug] [2026-10-01T02:18:28.192Z] [iam] checking project kensyu10166 for permissions ["firebase.projects.get","firebasehosting.sites.update"]
[debug] [2026-10-01T02:18:28.200Z] Checked if tokens are valid: false, expires at: 1790760709590
[debug] [2026-10-01T02:18:28.200Z] Checked if tokens are valid: false, expires at: 1790760709590
[debug] [2026-10-01T02:18:28.200Z] > refreshing access token with scopes: []
[debug] [2026-10-01T02:18:28.202Z] >>> [apiv2][query] POST https://www.googleapis.com/oauth2/v3/token [none]
[debug] [2026-10-01T02:18:28.202Z] >>> [apiv2][body] POST https://www.googleapis.com/oauth2/v3/token [omitted]
[debug] [2026-10-01T02:18:28.349Z] <<< [apiv2][status] POST https://www.googleapis.com/oauth2/v3/token 400
[debug] [2026-10-01T02:18:28.349Z] <<< [apiv2][body] POST https://www.googleapis.com/oauth2/v3/token [omitted]
[error] Authentication Error: Your credentials are no longer valid. Please run firebase login --reauth

For CI servers and headless environments, generate a new token with firebase login:ci
[error] Authentication Error: Your credentials are no longer valid. Please run firebase login --reauth

For CI servers and headless environments, generate a new token with firebase login:ci
[debug] [2026-10-01T02:18:28.350Z] [iam] error while checking permissions, command may fail: Authentication Error: Your credentials are no longer valid. Please run firebase login --reauth

For CI servers and headless environments, generate a new token with firebase login:ci
[debug] [2026-10-01T02:18:28.350Z] Checked if tokens are valid: false, expires at: 1790760709590
[debug] [2026-10-01T02:18:28.351Z] Checked if tokens are valid: false, expires at: 1790760709590
[debug] [2026-10-01T02:18:28.351Z] > refreshing access token with scopes: []
[debug] [2026-10-01T02:18:28.351Z] >>> [apiv2][query] POST https://www.googleapis.com/oauth2/v3/token [none]
[debug] [2026-10-01T02:18:28.351Z] >>> [apiv2][body] POST https://www.googleapis.com/oauth2/v3/token [omitted]
[debug] [2026-10-01T02:18:28.429Z] <<< [apiv2][status] POST https://www.googleapis.com/oauth2/v3/token 400
[debug] [2026-10-01T02:18:28.429Z] <<< [apiv2][body] POST https://www.googleapis.com/oauth2/v3/token [omitted]
[error] Authentication Error: Your credentials are no longer valid. Please run firebase login --reauth

For CI servers and headless environments, generate a new token with firebase login:ci
[error] Authentication Error: Your credentials are no longer valid. Please run firebase login --reauth

For CI servers and headless environments, generate a new token with firebase login:ci
[debug] [2026-10-01T02:18:28.431Z] Authentication Error: Your credentials are no longer valid. Please run firebase login --reauth

For CI servers and headless environments, generate a new token with firebase login:ci
[error] 
[error] Error: Assertion failed: resolving hosting target of a site with no site name or target name. This should have caused an error earlier
[debug] [2026-10-01T02:19:47.313Z] ----------------------------------------------------------------------
[debug] [2026-10-01T02:19:47.316Z] Command:       C:\Program Files\nodejs\node.exe C:\Users\pluser1\AppData\Roaming\npm\node_modules\firebase-tools\lib\bin\firebase.js login --reauth
[debug] [2026-10-01T02:19:47.316Z] CLI Version:   15.30.1
[debug] [2026-10-01T02:19:47.317Z] Platform:      win32
[debug] [2026-10-01T02:19:47.317Z] Node Version:  v22.23.2
[debug] [2026-10-01T02:19:47.317Z] Detected Agent: unknown
[debug] [2026-10-01T02:19:47.317Z] Time:          Thu Oct 01 2026 11:19:47 GMT+0900 (日本標準時)
[debug] [2026-10-01T02:19:47.317Z] ----------------------------------------------------------------------
[debug] 
[info] 
[info] Visit this URL on this device to log in:
[info] https://accounts.google.com/o/oauth2/auth?client_id=563584335869-fgrhgmd47bqnekij5i8b5pr03ho849e6.apps.googleusercontent.com&scope=email%20openid%20https%3A%2F%2Fwww.googleapis.com%2Fauth%2Fcloudplatformprojects.readonly%20https%3A%2F%2Fwww.googleapis.com%2Fauth%2Ffirebase%20https%3A%2F%2Fwww.googleapis.com%2Fauth%2Fcloud-platform&response_type=code&state=158856316&redirect_uri=http%3A%2F%2Flocalhost%3A9005&login_hint=jeonghyeon.lee%40pathoslogos.co.jp
[info] 
[info] Waiting for authentication...
